



             мммммммм мммм мммммммм мммм мммм
              ллл ллл  ллл  ллл ллл  ллл  ллл
              ллл ппп  ллл  ллл ллл  ллл  ллл
              ппппллл  ллА  лллпллл  мллппллм
              ллл ллА  ллл  ллл ллл  ллл  ллл
              ллА ллБ  ллА  ллл ллл  ллл  ллл
              ллВ ллВ  ллБ  ллл ллл  ллл  ллл
              мпл лмл  ллВ  ллл ллл  ллл  ллл
             мллллллл  млл мллл ллл мллл мллл



      ппппллл  ллллллл

              лf
        л
